Using needle backend

======================================================================
DEVICE: CPU
======================================================================
  Correctness: out_diff=5.96e-07, loss_diff=4.77e-07 PASS

  --- Single Iteration ---
  Phase      Needle (ms)    Torch (ms)     Ratio    %Needle 
  ----------------------------------------------------
  forward      3.3508         0.4087         8.2x    29.1%
  backward     7.5925         0.6885        11.0x    66.0%
  step         0.5540         0.0627         8.8x     4.8%
  total       11.4973         1.1599         9.9x   100.0%

  --- Component Breakdown ---
  Component      Needle (ms)    Torch (ms)     Ratio    %Needle 
  --------------------------------------------------------
  embed            0.9444         0.0405        23.3x     8.4%
  rnn              0.7553         0.2769         2.7x     6.7%
  linear           0.6610         0.0414        16.0x     5.9%
  loss             0.8990         0.0733        12.3x     8.0%
  backward         7.3593         0.6872        10.7x    65.7%
  step             0.5747         0.0599         9.6x     5.1%

======================================================================
DEVICE: CUDA
======================================================================
  Correctness: out_diff=1.96e-05, loss_diff=9.54e-07 PASS

  --- Single Iteration ---
  Phase      Needle (ms)    Torch (ms)     Ratio    %Needle 
  ----------------------------------------------------
  forward      2.4221         0.2812         8.6x    21.6%
  backward     7.5688         0.8390         9.0x    67.5%
  step         1.2204         0.7620         1.6x    10.9%
  total       11.2113         1.8822         6.0x   100.0%

  --- Component Breakdown ---
  Component      Needle (ms)    Torch (ms)     Ratio    %Needle 
  --------------------------------------------------------
  embed            0.1649         0.0492         3.4x     1.4%
  rnn              1.7899         0.1407        12.7x    15.7%
  linear           0.0874         0.0436         2.0x     0.8%
  loss             0.4793         0.0508         9.4x     4.2%
  backward         7.5663         0.8402         9.0x    66.4%
  step             1.3140         0.0899        14.6x    11.5%

======================================================================
SUMMARY: Needle vs PyTorch Performance
======================================================================

  Device   Ndl tot(ms)   Torch tot(ms)  Ratio   
  ------------------------------------------
  cpu       11.4973         1.1599          9.9x
  cuda      11.2113         1.8822          6.0x



