/home/kuris/work/Dlsys/hw4_extra/benchmark_transformer.py:302: UserWarning: enable_nested_tensor is True, but self.use_nested_tensor is False because encoder_layer.self_attn was passed bias=False
  torch_model = tnn.TransformerEncoder(encoder_layer, num_layers=num_layers)
Using needle backend
==========================================================================================
needle Transformer vs PyTorch Transformer — Performance Benchmark
==========================================================================================
==========================================================================================
1. MultiHeadAttention  forward  (CPU)
==========================================================================================
  MHA tiny                        needle=     1.16 ms  torch=    99.42 µs  ratio=11.63x
  MHA small                       needle=    40.38 ms  torch=   285.43 µs  ratio=141.48x

==========================================================================================
2. TransformerLayer  forward  (CPU)
==========================================================================================
  TransformerLayer tiny           needle=     2.73 ms  torch=   169.37 µs  ratio=16.13x
  TransformerLayer small          needle=    66.85 ms  torch=   499.91 µs  ratio=133.73x

==========================================================================================
3. Transformer (full model)  forward  (CPU)
==========================================================================================
  Transformer tiny                needle=     6.00 ms  torch=   427.31 µs  ratio=14.04x
  Transformer small               needle=   136.39 ms  torch=     1.77 ms  ratio=76.89x

==========================================================================================
4. TransformerLayer scaling over seq_len  (CPU)
==========================================================================================
  seq_len=16                      needle=    23.39 ms  torch=   480.86 µs  ratio=48.63x
  seq_len=32                      needle=    66.61 ms  torch=   683.73 µs  ratio=97.42x
  seq_len=64                      needle=   206.61 ms  torch=     1.01 ms  ratio=205.26x
  seq_len=128                     needle=   733.75 ms  torch=     1.54 ms  ratio=477.12x

==========================================================================================
Done.
==========================================================================================
