==========================================================================================
Matrix Mul Benchmark | GPU: NVIDIA GeForce RTX 4060 Laptop GPU | warmup=5 bench=20
==========================================================================================
  Shape                Reg ms     Opt ms   Torch ms      O/T      R/O      Err_r      Err_o
  --------------------------------------------------------------------------------------
  128x128x128           0.095      0.068      0.017    4.01x     1.4x  1.91e-05  1.91e-05
  256x256x256           0.596      0.118      0.031    3.78x     5.1x  4.20e-05  4.20e-05
  512x512x512           4.295      0.305      0.064    4.76x    14.1x  1.14e-04  1.14e-04
  1024x1024x1024       27.596      1.548      0.291    5.31x    17.8x  2.21e-04  2.21e-04
  2048x2048x2048      232.597     12.263      2.480    4.94x    19.0x  0.00e+00  0.00e+00
  4096x4096x4096     2345.541    101.370     23.839    4.25x    23.1x  0.00e+00  0.00e+00
  4096x1024x4096      451.730     25.474      5.564    4.58x    17.7x  0.00e+00  0.00e+00
  512x4096x512         27.506      1.829      0.256    7.14x    15.0x  8.09e-04  8.09e-04

==========================================================================================
Raw kernel timing (N=4096, pre-compact + pre-alloc, direct device.mod.op_matmul call)
==========================================================================================
  raw needle (incl compact+alloc): 101.972ms = 1.35 TFLOPS
  torch.matmul:                   23.444ms = 5.86 TFLOPS
  ratio: 4.35x

==========================================================================================
SUMMARY
==========================================================================================
  Shape             Opt/Torch    Reg/Opt     Opt TF   Torch TF
  --------------------------------------------------------------
  128x128x128           4.01x       1.4x      0.06      0.25
  256x256x256           3.78x       5.1x      0.29      1.08
  512x512x512           4.76x      14.1x      0.88      4.19
  1024x1024x1024        5.31x      17.8x      1.39      7.37
  2048x2048x2048        4.94x      19.0x      1.40      6.93
  4096x4096x4096        4.25x      23.1x      1.36      5.77
  4096x1024x4096        4.58x      17.7x      1.35      6.18
  512x4096x512          7.14x      15.0x      1.17      8.39