Using needle backend

======================================================================
DEVICE: CPU
======================================================================
  Correctness: out_diff=5.96e-07, loss_diff=4.77e-07 PASS

  --- Single Iteration ---
  Phase      Needle (ms)    Torch (ms)     Ratio    %Needle 
  ----------------------------------------------------
  forward      3.7481         0.5044         7.4x    23.0%
  backward    11.9575         0.7333        16.3x    73.4%
  step         0.5932         0.0688         8.6x     3.6%
  total       16.2988         1.3065        12.5x   100.0%

  --- Component Breakdown ---
  Component      Needle (ms)    Torch (ms)     Ratio    %Needle 
  --------------------------------------------------------
  embed            0.9896         0.0551        18.0x     7.3%
  rnn              1.1528         0.3161         3.6x     8.6%
  linear           0.7066         0.0483        14.6x     5.2%
  loss             0.9856         0.0930        10.6x     7.3%
  backward         9.0657         0.7224        12.5x    67.3%
  step             0.5755         0.0660         8.7x     4.3%

======================================================================
DEVICE: CUDA
======================================================================
  Correctness: out_diff=1.96e-05, loss_diff=9.54e-07 PASS

  --- Single Iteration ---
  Phase      Needle (ms)    Torch (ms)     Ratio    %Needle 
  ----------------------------------------------------
  forward      2.7431         0.4268         6.4x    20.0%
  backward     9.6173         0.9016        10.7x    70.0%
  step         1.3779         0.6892         2.0x    10.0%
  total       13.7383         2.0176         6.8x   100.0%

  --- Component Breakdown ---
  Component      Needle (ms)    Torch (ms)     Ratio    %Needle 
  --------------------------------------------------------
  embed            0.2373         0.1382         1.7x     1.2%
  rnn              2.5404         0.2429        10.5x    13.0%
  linear           0.0866         0.0719         1.2x     0.4%
  loss             0.4992         0.0891         5.6x     2.6%
  backward        14.7513         0.8373        17.6x    75.4%
  step             1.4414         0.1202        12.0x     7.4%

======================================================================
SUMMARY: Needle vs PyTorch Performance
======================================================================

  Device   Ndl tot(ms)   Torch tot(ms)  Ratio   
  ------------------------------------------
  cpu       16.2988         1.3065         12.5x
  cuda      13.7383         2.0176          6.8x


